nohup: ignoring input
Loaded metadata from: /lustre/aoc/projects/hera/rchandra/H6C_Validation_Stats/validation-sim/outputs/ptsrc256/nt17280-00288chunks-HERA_custom_subset_idealF_cba81417555edaffd87557575713cb61.txt-nonred_airyred/fch0227_chunk00000.uvh5
Nants_data: 9 Nbls: 45
Found 7 redundant groups.
Selected redundant group index 1: L = 14.61 m, A = 0.22°
Number of baselines in group (incl. autos if present): 8
redgrp: [(0, 1), (1, 2), (2, 3), (3, 4), (4, 5), (5, 6), (6, 7), (7, 8)]
Cross-only baselines in group: 8
Associated autos: [(0, 0), (1, 1), (2, 2), (3, 3), (4, 4), (5, 5), (6, 6), (7, 7), (8, 8)]

=== Combined CROSS data ===
Nbls: 8 Ntimes: 720 Nfreqs: 89
Unique antpairs (cross): [(0, 1), (1, 2), (2, 3), (3, 4), (4, 5), (5, 6), (6, 7), (7, 8)]
Polarizations: [-5]

=== Combined AUTOS data ===
Nbls: 9 Ntimes: 720 Nfreqs: 89
Unique antpairs (autos): [(0, 0), (1, 1), (2, 2), (3, 3), (4, 4), (5, 5), (6, 6), (7, 7), (8, 8)]
Polarizations: [-5]

LSTs (cross) [hr]: [8.69904941e-07 1.38975473e-03 2.77865077e-03 4.16753559e-03
 5.55642042e-03 6.94531645e-03 8.33420128e-03 9.72308611e-03
 1.11119821e-02 1.25008670e-02 1.38897630e-02 1.52786478e-02
 1.66675327e-02 1.80564287e-02 1.94453135e-02 2.08341983e-02
 2.22230944e-02 2.36119792e-02 2.50008640e-02 2.63897601e-02
 2.77786449e-02 2.91675297e-02 3.05564257e-02 3.19453106e-02
 3.33341954e-02 3.47230914e-02 3.61119763e-02 3.75008611e-02
 3.88897571e-02 4.02786419e-02 4.16675268e-02 4.30564228e-02
 4.44453076e-02 4.58342037e-02 4.72230885e-02 4.86119733e-02
 5.00008694e-02 5.13897542e-02 5.27786390e-02 5.41675350e-02
 5.55564199e-02 5.69453047e-02 5.83342007e-02 5.97230856e-02
 6.11119704e-02 6.25008664e-02 6.38897512e-02 6.52786361e-02
 6.66675321e-02 6.80564169e-02 6.94453130e-02 7.08341978e-02
 7.22230826e-02 7.36119787e-02 7.50008635e-02 7.63897483e-02
 7.77786443e-02 7.91675292e-02 8.05564140e-02 8.19453100e-02
 8.33341949e-02 8.47230797e-02 8.61119757e-02 8.75008605e-02
 8.88897454e-02 9.02786414e-02 9.16675262e-02 9.30564111e-02
 9.44453071e-02 9.58341919e-02 9.72230767e-02 9.86119728e-02
 1.00000858e-01 1.01389754e-01 1.02778638e-01 1.04167523e-01
 1.05556419e-01 1.06945304e-01 1.08334189e-01 1.09723085e-01
 1.11111970e-01 1.12500855e-01 1.13889751e-01 1.15278636e-01
 1.16667520e-01 1.18056416e-01 1.19445301e-01 1.20834186e-01
 1.22223082e-01 1.23611967e-01 1.25000863e-01 1.26389748e-01
 1.27778633e-01 1.29167529e-01 1.30556413e-01 1.31945298e-01
 1.33334194e-01 1.34723079e-01 1.36111964e-01 1.37500860e-01
 1.38889745e-01 1.40278630e-01 1.41667526e-01 1.43056411e-01
 1.44445295e-01 1.45834191e-01 1.47223076e-01 1.48611961e-01
 1.50000857e-01 1.51389742e-01 1.52778627e-01 1.54167523e-01
 1.55556408e-01 1.56945304e-01 1.58334188e-01 1.59723073e-01
 1.61111969e-01 1.62500854e-01 1.63889739e-01 1.65278635e-01
 1.66667520e-01 1.68056405e-01 1.69445301e-01 1.70834185e-01
 1.72223070e-01 1.73611966e-01 1.75000851e-01 1.76389736e-01
 1.77778632e-01 1.79167517e-01 1.80556413e-01 1.81945298e-01
 1.83334183e-01 1.84723079e-01 1.86111963e-01 1.87500848e-01
 1.88889744e-01 1.90278629e-01 1.91667514e-01 1.93056410e-01
 1.94445295e-01 1.95834180e-01 1.97223076e-01 1.98611960e-01
 2.00000845e-01 2.01389741e-01 2.02778626e-01 2.04167511e-01
 2.05556407e-01 2.06945292e-01 2.08334177e-01 2.09723073e-01
 2.11111958e-01 2.12500854e-01 2.13889738e-01 2.15278623e-01
 2.16667519e-01 2.18056404e-01 2.19445289e-01 2.20834185e-01
 2.22223070e-01 2.23611955e-01 2.25000851e-01 2.26389735e-01
 2.27778620e-01 2.29167516e-01 2.30556401e-01 2.31945286e-01
 2.33334182e-01 2.34723067e-01 2.36111963e-01 2.37500848e-01
 2.38889733e-01 2.40278629e-01 2.41667513e-01 2.43056398e-01
 2.44445294e-01 2.45834179e-01 2.47223064e-01 2.48611960e-01
 2.50000845e-01 2.51389730e-01 2.52778626e-01 2.54167510e-01
 2.55556395e-01 2.56945291e-01 2.58334176e-01 2.59723061e-01
 2.61111957e-01 2.62500842e-01 2.63889727e-01 2.65278623e-01
 2.66667508e-01 2.68056404e-01 2.69445288e-01 2.70834173e-01
 2.72223069e-01 2.73611954e-01 2.75000839e-01 2.76389735e-01
 2.77778620e-01 2.79167505e-01 2.80556401e-01 2.81945285e-01
 2.83334170e-01 2.84723066e-01 2.86111951e-01 2.87500836e-01
 2.88889732e-01 2.90278617e-01 2.91667513e-01 2.93056398e-01
 2.94445282e-01 2.95834179e-01 2.97223063e-01 2.98611948e-01
 3.00000844e-01 3.01389729e-01 3.02778614e-01 3.04167510e-01
 3.05556395e-01 3.06945280e-01 3.08334176e-01 3.09723060e-01
 3.11111945e-01 3.12500841e-01 3.13889726e-01 3.15278611e-01
 3.16667507e-01 3.18056392e-01 3.19445277e-01 3.20834173e-01
 3.22223057e-01 3.23611954e-01 3.25000838e-01 3.26389723e-01
 3.27778619e-01 3.29167504e-01 3.30556389e-01 3.31945285e-01
 3.33334159e-01 3.34723043e-01 3.36111939e-01 3.37500824e-01
 3.38889709e-01 3.40278605e-01 3.41667490e-01 3.43056375e-01
 3.44445271e-01 3.45834156e-01 3.47223040e-01 3.48611936e-01
 3.50000821e-01 3.51389717e-01 3.52778602e-01 3.54167487e-01
 3.55556383e-01 3.56945268e-01 3.58334153e-01 3.59723049e-01
 3.61111933e-01 3.62500818e-01 3.63889714e-01 3.65278599e-01
 3.66667484e-01 3.68056380e-01 3.69445265e-01 3.70834150e-01
 3.72223046e-01 3.73611931e-01 3.75000827e-01 3.76389711e-01
 3.77778596e-01 3.79167492e-01 3.80556377e-01 3.81945262e-01
 3.83334158e-01 3.84723043e-01 3.86111928e-01 3.87500824e-01
 3.88889708e-01 3.90278593e-01 3.91667489e-01 3.93056374e-01
 3.94445259e-01 3.95834155e-01 3.97223040e-01 3.98611925e-01
 4.00000821e-01 4.01389706e-01 4.02778590e-01 4.04167486e-01
 4.05556371e-01 4.06945267e-01 4.08334152e-01 4.09723037e-01
 4.11111933e-01 4.12500818e-01 4.13889703e-01 4.15278599e-01
 4.16667483e-01 4.18056368e-01 4.19445264e-01 4.20834149e-01
 4.22223034e-01 4.23611930e-01 4.25000815e-01 4.26389700e-01
 4.27778596e-01 4.29167481e-01 4.30556377e-01 4.31945261e-01
 4.33334146e-01 4.34723042e-01 4.36111927e-01 4.37500812e-01
 4.38889708e-01 4.40278593e-01 4.41667478e-01 4.43056374e-01
 4.44445258e-01 4.45834143e-01 4.47223039e-01 4.48611924e-01
 4.50000809e-01 4.51389705e-01 4.52778590e-01 4.54167475e-01
 4.55556371e-01 4.56945256e-01 4.58334140e-01 4.59723036e-01
 4.61111921e-01 4.62500817e-01 4.63889702e-01 4.65278587e-01
 4.66667483e-01 4.68056368e-01 4.69445253e-01 4.70834149e-01
 4.72223033e-01 4.73611918e-01 4.75000814e-01 4.76389699e-01
 4.77778584e-01 4.79167480e-01 4.80556365e-01 4.81945250e-01
 4.83334146e-01 4.84723031e-01 4.86111927e-01 4.87500811e-01
 4.88889696e-01 4.90278592e-01 4.91667477e-01 4.93056362e-01
 4.94445258e-01 4.95834143e-01 4.97223028e-01 4.98611924e-01
 5.00000808e-01 5.01389693e-01 5.02778589e-01 5.04167474e-01
 5.05556359e-01 5.06945255e-01 5.08334140e-01 5.09723025e-01
 5.11111921e-01 5.12500805e-01 5.13889690e-01 5.15278586e-01
 5.16667471e-01 5.18056367e-01 5.19445252e-01 5.20834137e-01
 5.22223033e-01 5.23611918e-01 5.25000803e-01 5.26389699e-01
 5.27778583e-01 5.29167468e-01 5.30556364e-01 5.31945249e-01
 5.33334134e-01 5.34723030e-01 5.36111915e-01 5.37500800e-01
 5.38889696e-01 5.40278580e-01 5.41667477e-01 5.43056361e-01
 5.44445246e-01 5.45834142e-01 5.47223027e-01 5.48611912e-01
 5.50000808e-01 5.51389693e-01 5.52778578e-01 5.54167474e-01
 5.55556358e-01 5.56945243e-01 5.58334139e-01 5.59723024e-01
 5.61111909e-01 5.62500805e-01 5.63889690e-01 5.65278575e-01
 5.66667471e-01 5.68056355e-01 5.69445240e-01 5.70834136e-01
 5.72223021e-01 5.73611917e-01 5.75000802e-01 5.76389687e-01
 5.77778583e-01 5.79167468e-01 5.80556353e-01 5.81945249e-01
 5.83334133e-01 5.84723018e-01 5.86111914e-01 5.87500799e-01
 5.88889684e-01 5.90278580e-01 5.91667465e-01 5.93056350e-01
 5.94445246e-01 5.95834130e-01 5.97223026e-01 5.98611911e-01
 6.00000796e-01 6.01389692e-01 6.02778577e-01 6.04167462e-01
 6.05556358e-01 6.06945243e-01 6.08334128e-01 6.09723024e-01
 6.11111908e-01 6.12500793e-01 6.13889689e-01 6.15278574e-01
 6.16667459e-01 6.18056355e-01 6.19445240e-01 6.20834125e-01
 6.22223021e-01 6.23611905e-01 6.25000790e-01 6.26389686e-01
 6.27778571e-01 6.29167467e-01 6.30556352e-01 6.31945237e-01
 6.33334133e-01 6.34723018e-01 6.36111903e-01 6.37500799e-01
 6.38889683e-01 6.40278568e-01 6.41667464e-01 6.43056349e-01
 6.44445234e-01 6.45834130e-01 6.47223015e-01 6.48611900e-01
 6.50000796e-01 6.51389680e-01 6.52778576e-01 6.54167461e-01
 6.55556346e-01 6.56945242e-01 6.58334127e-01 6.59723012e-01
 6.61111908e-01 6.62500793e-01 6.63889677e-01 6.65278574e-01
 6.66667458e-01 6.68056343e-01 6.69445239e-01 6.70834124e-01
 6.72223009e-01 6.73611905e-01 6.75000790e-01 6.76389675e-01
 6.77778571e-01 6.79167455e-01 6.80556340e-01 6.81945236e-01
 6.83334121e-01 6.84723017e-01 6.86111902e-01 6.87500787e-01
 6.88889683e-01 6.90278568e-01 6.91667452e-01 6.93056349e-01
 6.94445233e-01 6.95834118e-01 6.97223014e-01 6.98611899e-01
 7.00000784e-01 7.01389680e-01 7.02778565e-01 7.04167450e-01
 7.05556346e-01 7.06945230e-01 7.08334126e-01 7.09723011e-01
 7.11111896e-01 7.12500792e-01 7.13889677e-01 7.15278562e-01
 7.16667458e-01 7.18056343e-01 7.19445227e-01 7.20834124e-01
 7.22223008e-01 7.23611893e-01 7.25000789e-01 7.26389674e-01
 7.27778559e-01 7.29167455e-01 7.30556340e-01 7.31945225e-01
 7.33334121e-01 7.34723005e-01 7.36111890e-01 7.37500786e-01
 7.38889671e-01 7.40278567e-01 7.41667452e-01 7.43056337e-01
 7.44445233e-01 7.45834118e-01 7.47223002e-01 7.48611898e-01
 7.50000783e-01 7.51389668e-01 7.52778564e-01 7.54167449e-01
 7.55556334e-01 7.56945230e-01 7.58334115e-01 7.59723000e-01
 7.61111896e-01 7.62500780e-01 7.63889676e-01 7.65278561e-01
 7.66667446e-01 7.68056342e-01 7.69445227e-01 7.70834112e-01
 7.72223008e-01 7.73611893e-01 7.75000777e-01 7.76389673e-01
 7.77778558e-01 7.79167443e-01 7.80556339e-01 7.81945224e-01
 7.83334109e-01 7.84723005e-01 7.86111890e-01 7.87500775e-01
 7.88889671e-01 7.90278555e-01 7.91667440e-01 7.93056336e-01
 7.94445221e-01 7.95834117e-01 7.97223002e-01 7.98611887e-01
 8.00000783e-01 8.01389668e-01 8.02778552e-01 8.04167448e-01
 8.05556333e-01 8.06945218e-01 8.08334114e-01 8.09722999e-01
 8.11111884e-01 8.12500780e-01 8.13889665e-01 8.15278550e-01
 8.16667446e-01 8.18056330e-01 8.19445226e-01 8.20834111e-01
 8.22222996e-01 8.23611892e-01 8.25000777e-01 8.26389662e-01
 8.27778558e-01 8.29167443e-01 8.30556327e-01 8.31945223e-01
 8.33334108e-01 8.34722993e-01 8.36111889e-01 8.37500774e-01
 8.38889659e-01 8.40278555e-01 8.41667440e-01 8.43056324e-01
 8.44445221e-01 8.45834105e-01 8.47222990e-01 8.48611886e-01
 8.50000771e-01 8.51389667e-01 8.52778552e-01 8.54167437e-01
 8.55556333e-01 8.56945218e-01 8.58334102e-01 8.59722998e-01
 8.61111883e-01 8.62500768e-01 8.63889664e-01 8.65278549e-01
 8.66667434e-01 8.68056330e-01 8.69445215e-01 8.70834099e-01
 8.72222996e-01 8.73611880e-01 8.75000776e-01 8.76389661e-01
 8.77778546e-01 8.79167442e-01 8.80556327e-01 8.81945212e-01
 8.83334108e-01 8.84722993e-01 8.86111877e-01 8.87500773e-01
 8.88889658e-01 8.90278543e-01 8.91667439e-01 8.93056324e-01
 8.94445209e-01 8.95834105e-01 8.97222990e-01 8.98611874e-01
 9.00000771e-01 9.01389655e-01 9.02778540e-01 9.04167436e-01
 9.05556321e-01 9.06945217e-01 9.08334102e-01 9.09722987e-01
 9.11111883e-01 9.12500768e-01 9.13889652e-01 9.15278548e-01
 9.16667422e-01 9.18056307e-01 9.19445203e-01 9.20834088e-01
 9.22222973e-01 9.23611869e-01 9.25000753e-01 9.26389638e-01
 9.27778534e-01 9.29167419e-01 9.30556304e-01 9.31945200e-01
 9.33334085e-01 9.34722981e-01 9.36111866e-01 9.37500751e-01
 9.38889647e-01 9.40278531e-01 9.41667416e-01 9.43056312e-01
 9.44445197e-01 9.45834082e-01 9.47222978e-01 9.48611863e-01
 9.50000748e-01 9.51389644e-01 9.52778528e-01 9.54167413e-01
 9.55556309e-01 9.56945194e-01 9.58334090e-01 9.59722975e-01
 9.61111860e-01 9.62500756e-01 9.63889641e-01 9.65278525e-01
 9.66667422e-01 9.68056306e-01 9.69445191e-01 9.70834087e-01
 9.72222972e-01 9.73611857e-01 9.75000753e-01 9.76389638e-01
 9.77778523e-01 9.79167419e-01 9.80556303e-01 9.81945188e-01
 9.83334084e-01 9.84722969e-01 9.86111854e-01 9.87500750e-01
 9.88889635e-01 9.90278531e-01 9.91667416e-01 9.93056300e-01
 9.94445197e-01 9.95834081e-01 9.97222966e-01 9.98611862e-01]
LSTs (autos) [hr]: [8.69904941e-07 1.38975473e-03 2.77865077e-03 4.16753559e-03
 5.55642042e-03 6.94531645e-03 8.33420128e-03 9.72308611e-03
 1.11119821e-02 1.25008670e-02 1.38897630e-02 1.52786478e-02
 1.66675327e-02 1.80564287e-02 1.94453135e-02 2.08341983e-02
 2.22230944e-02 2.36119792e-02 2.50008640e-02 2.63897601e-02
 2.77786449e-02 2.91675297e-02 3.05564257e-02 3.19453106e-02
 3.33341954e-02 3.47230914e-02 3.61119763e-02 3.75008611e-02
 3.88897571e-02 4.02786419e-02 4.16675268e-02 4.30564228e-02
 4.44453076e-02 4.58342037e-02 4.72230885e-02 4.86119733e-02
 5.00008694e-02 5.13897542e-02 5.27786390e-02 5.41675350e-02
 5.55564199e-02 5.69453047e-02 5.83342007e-02 5.97230856e-02
 6.11119704e-02 6.25008664e-02 6.38897512e-02 6.52786361e-02
 6.66675321e-02 6.80564169e-02 6.94453130e-02 7.08341978e-02
 7.22230826e-02 7.36119787e-02 7.50008635e-02 7.63897483e-02
 7.77786443e-02 7.91675292e-02 8.05564140e-02 8.19453100e-02
 8.33341949e-02 8.47230797e-02 8.61119757e-02 8.75008605e-02
 8.88897454e-02 9.02786414e-02 9.16675262e-02 9.30564111e-02
 9.44453071e-02 9.58341919e-02 9.72230767e-02 9.86119728e-02
 1.00000858e-01 1.01389754e-01 1.02778638e-01 1.04167523e-01
 1.05556419e-01 1.06945304e-01 1.08334189e-01 1.09723085e-01
 1.11111970e-01 1.12500855e-01 1.13889751e-01 1.15278636e-01
 1.16667520e-01 1.18056416e-01 1.19445301e-01 1.20834186e-01
 1.22223082e-01 1.23611967e-01 1.25000863e-01 1.26389748e-01
 1.27778633e-01 1.29167529e-01 1.30556413e-01 1.31945298e-01
 1.33334194e-01 1.34723079e-01 1.36111964e-01 1.37500860e-01
 1.38889745e-01 1.40278630e-01 1.41667526e-01 1.43056411e-01
 1.44445295e-01 1.45834191e-01 1.47223076e-01 1.48611961e-01
 1.50000857e-01 1.51389742e-01 1.52778627e-01 1.54167523e-01
 1.55556408e-01 1.56945304e-01 1.58334188e-01 1.59723073e-01
 1.61111969e-01 1.62500854e-01 1.63889739e-01 1.65278635e-01
 1.66667520e-01 1.68056405e-01 1.69445301e-01 1.70834185e-01
 1.72223070e-01 1.73611966e-01 1.75000851e-01 1.76389736e-01
 1.77778632e-01 1.79167517e-01 1.80556413e-01 1.81945298e-01
 1.83334183e-01 1.84723079e-01 1.86111963e-01 1.87500848e-01
 1.88889744e-01 1.90278629e-01 1.91667514e-01 1.93056410e-01
 1.94445295e-01 1.95834180e-01 1.97223076e-01 1.98611960e-01
 2.00000845e-01 2.01389741e-01 2.02778626e-01 2.04167511e-01
 2.05556407e-01 2.06945292e-01 2.08334177e-01 2.09723073e-01
 2.11111958e-01 2.12500854e-01 2.13889738e-01 2.15278623e-01
 2.16667519e-01 2.18056404e-01 2.19445289e-01 2.20834185e-01
 2.22223070e-01 2.23611955e-01 2.25000851e-01 2.26389735e-01
 2.27778620e-01 2.29167516e-01 2.30556401e-01 2.31945286e-01
 2.33334182e-01 2.34723067e-01 2.36111963e-01 2.37500848e-01
 2.38889733e-01 2.40278629e-01 2.41667513e-01 2.43056398e-01
 2.44445294e-01 2.45834179e-01 2.47223064e-01 2.48611960e-01
 2.50000845e-01 2.51389730e-01 2.52778626e-01 2.54167510e-01
 2.55556395e-01 2.56945291e-01 2.58334176e-01 2.59723061e-01
 2.61111957e-01 2.62500842e-01 2.63889727e-01 2.65278623e-01
 2.66667508e-01 2.68056404e-01 2.69445288e-01 2.70834173e-01
 2.72223069e-01 2.73611954e-01 2.75000839e-01 2.76389735e-01
 2.77778620e-01 2.79167505e-01 2.80556401e-01 2.81945285e-01
 2.83334170e-01 2.84723066e-01 2.86111951e-01 2.87500836e-01
 2.88889732e-01 2.90278617e-01 2.91667513e-01 2.93056398e-01
 2.94445282e-01 2.95834179e-01 2.97223063e-01 2.98611948e-01
 3.00000844e-01 3.01389729e-01 3.02778614e-01 3.04167510e-01
 3.05556395e-01 3.06945280e-01 3.08334176e-01 3.09723060e-01
 3.11111945e-01 3.12500841e-01 3.13889726e-01 3.15278611e-01
 3.16667507e-01 3.18056392e-01 3.19445277e-01 3.20834173e-01
 3.22223057e-01 3.23611954e-01 3.25000838e-01 3.26389723e-01
 3.27778619e-01 3.29167504e-01 3.30556389e-01 3.31945285e-01
 3.33334159e-01 3.34723043e-01 3.36111939e-01 3.37500824e-01
 3.38889709e-01 3.40278605e-01 3.41667490e-01 3.43056375e-01
 3.44445271e-01 3.45834156e-01 3.47223040e-01 3.48611936e-01
 3.50000821e-01 3.51389717e-01 3.52778602e-01 3.54167487e-01
 3.55556383e-01 3.56945268e-01 3.58334153e-01 3.59723049e-01
 3.61111933e-01 3.62500818e-01 3.63889714e-01 3.65278599e-01
 3.66667484e-01 3.68056380e-01 3.69445265e-01 3.70834150e-01
 3.72223046e-01 3.73611931e-01 3.75000827e-01 3.76389711e-01
 3.77778596e-01 3.79167492e-01 3.80556377e-01 3.81945262e-01
 3.83334158e-01 3.84723043e-01 3.86111928e-01 3.87500824e-01
 3.88889708e-01 3.90278593e-01 3.91667489e-01 3.93056374e-01
 3.94445259e-01 3.95834155e-01 3.97223040e-01 3.98611925e-01
 4.00000821e-01 4.01389706e-01 4.02778590e-01 4.04167486e-01
 4.05556371e-01 4.06945267e-01 4.08334152e-01 4.09723037e-01
 4.11111933e-01 4.12500818e-01 4.13889703e-01 4.15278599e-01
 4.16667483e-01 4.18056368e-01 4.19445264e-01 4.20834149e-01
 4.22223034e-01 4.23611930e-01 4.25000815e-01 4.26389700e-01
 4.27778596e-01 4.29167481e-01 4.30556377e-01 4.31945261e-01
 4.33334146e-01 4.34723042e-01 4.36111927e-01 4.37500812e-01
 4.38889708e-01 4.40278593e-01 4.41667478e-01 4.43056374e-01
 4.44445258e-01 4.45834143e-01 4.47223039e-01 4.48611924e-01
 4.50000809e-01 4.51389705e-01 4.52778590e-01 4.54167475e-01
 4.55556371e-01 4.56945256e-01 4.58334140e-01 4.59723036e-01
 4.61111921e-01 4.62500817e-01 4.63889702e-01 4.65278587e-01
 4.66667483e-01 4.68056368e-01 4.69445253e-01 4.70834149e-01
 4.72223033e-01 4.73611918e-01 4.75000814e-01 4.76389699e-01
 4.77778584e-01 4.79167480e-01 4.80556365e-01 4.81945250e-01
 4.83334146e-01 4.84723031e-01 4.86111927e-01 4.87500811e-01
 4.88889696e-01 4.90278592e-01 4.91667477e-01 4.93056362e-01
 4.94445258e-01 4.95834143e-01 4.97223028e-01 4.98611924e-01
 5.00000808e-01 5.01389693e-01 5.02778589e-01 5.04167474e-01
 5.05556359e-01 5.06945255e-01 5.08334140e-01 5.09723025e-01
 5.11111921e-01 5.12500805e-01 5.13889690e-01 5.15278586e-01
 5.16667471e-01 5.18056367e-01 5.19445252e-01 5.20834137e-01
 5.22223033e-01 5.23611918e-01 5.25000803e-01 5.26389699e-01
 5.27778583e-01 5.29167468e-01 5.30556364e-01 5.31945249e-01
 5.33334134e-01 5.34723030e-01 5.36111915e-01 5.37500800e-01
 5.38889696e-01 5.40278580e-01 5.41667477e-01 5.43056361e-01
 5.44445246e-01 5.45834142e-01 5.47223027e-01 5.48611912e-01
 5.50000808e-01 5.51389693e-01 5.52778578e-01 5.54167474e-01
 5.55556358e-01 5.56945243e-01 5.58334139e-01 5.59723024e-01
 5.61111909e-01 5.62500805e-01 5.63889690e-01 5.65278575e-01
 5.66667471e-01 5.68056355e-01 5.69445240e-01 5.70834136e-01
 5.72223021e-01 5.73611917e-01 5.75000802e-01 5.76389687e-01
 5.77778583e-01 5.79167468e-01 5.80556353e-01 5.81945249e-01
 5.83334133e-01 5.84723018e-01 5.86111914e-01 5.87500799e-01
 5.88889684e-01 5.90278580e-01 5.91667465e-01 5.93056350e-01
 5.94445246e-01 5.95834130e-01 5.97223026e-01 5.98611911e-01
 6.00000796e-01 6.01389692e-01 6.02778577e-01 6.04167462e-01
 6.05556358e-01 6.06945243e-01 6.08334128e-01 6.09723024e-01
 6.11111908e-01 6.12500793e-01 6.13889689e-01 6.15278574e-01
 6.16667459e-01 6.18056355e-01 6.19445240e-01 6.20834125e-01
 6.22223021e-01 6.23611905e-01 6.25000790e-01 6.26389686e-01
 6.27778571e-01 6.29167467e-01 6.30556352e-01 6.31945237e-01
 6.33334133e-01 6.34723018e-01 6.36111903e-01 6.37500799e-01
 6.38889683e-01 6.40278568e-01 6.41667464e-01 6.43056349e-01
 6.44445234e-01 6.45834130e-01 6.47223015e-01 6.48611900e-01
 6.50000796e-01 6.51389680e-01 6.52778576e-01 6.54167461e-01
 6.55556346e-01 6.56945242e-01 6.58334127e-01 6.59723012e-01
 6.61111908e-01 6.62500793e-01 6.63889677e-01 6.65278574e-01
 6.66667458e-01 6.68056343e-01 6.69445239e-01 6.70834124e-01
 6.72223009e-01 6.73611905e-01 6.75000790e-01 6.76389675e-01
 6.77778571e-01 6.79167455e-01 6.80556340e-01 6.81945236e-01
 6.83334121e-01 6.84723017e-01 6.86111902e-01 6.87500787e-01
 6.88889683e-01 6.90278568e-01 6.91667452e-01 6.93056349e-01
 6.94445233e-01 6.95834118e-01 6.97223014e-01 6.98611899e-01
 7.00000784e-01 7.01389680e-01 7.02778565e-01 7.04167450e-01
 7.05556346e-01 7.06945230e-01 7.08334126e-01 7.09723011e-01
 7.11111896e-01 7.12500792e-01 7.13889677e-01 7.15278562e-01
 7.16667458e-01 7.18056343e-01 7.19445227e-01 7.20834124e-01
 7.22223008e-01 7.23611893e-01 7.25000789e-01 7.26389674e-01
 7.27778559e-01 7.29167455e-01 7.30556340e-01 7.31945225e-01
 7.33334121e-01 7.34723005e-01 7.36111890e-01 7.37500786e-01
 7.38889671e-01 7.40278567e-01 7.41667452e-01 7.43056337e-01
 7.44445233e-01 7.45834118e-01 7.47223002e-01 7.48611898e-01
 7.50000783e-01 7.51389668e-01 7.52778564e-01 7.54167449e-01
 7.55556334e-01 7.56945230e-01 7.58334115e-01 7.59723000e-01
 7.61111896e-01 7.62500780e-01 7.63889676e-01 7.65278561e-01
 7.66667446e-01 7.68056342e-01 7.69445227e-01 7.70834112e-01
 7.72223008e-01 7.73611893e-01 7.75000777e-01 7.76389673e-01
 7.77778558e-01 7.79167443e-01 7.80556339e-01 7.81945224e-01
 7.83334109e-01 7.84723005e-01 7.86111890e-01 7.87500775e-01
 7.88889671e-01 7.90278555e-01 7.91667440e-01 7.93056336e-01
 7.94445221e-01 7.95834117e-01 7.97223002e-01 7.98611887e-01
 8.00000783e-01 8.01389668e-01 8.02778552e-01 8.04167448e-01
 8.05556333e-01 8.06945218e-01 8.08334114e-01 8.09722999e-01
 8.11111884e-01 8.12500780e-01 8.13889665e-01 8.15278550e-01
 8.16667446e-01 8.18056330e-01 8.19445226e-01 8.20834111e-01
 8.22222996e-01 8.23611892e-01 8.25000777e-01 8.26389662e-01
 8.27778558e-01 8.29167443e-01 8.30556327e-01 8.31945223e-01
 8.33334108e-01 8.34722993e-01 8.36111889e-01 8.37500774e-01
 8.38889659e-01 8.40278555e-01 8.41667440e-01 8.43056324e-01
 8.44445221e-01 8.45834105e-01 8.47222990e-01 8.48611886e-01
 8.50000771e-01 8.51389667e-01 8.52778552e-01 8.54167437e-01
 8.55556333e-01 8.56945218e-01 8.58334102e-01 8.59722998e-01
 8.61111883e-01 8.62500768e-01 8.63889664e-01 8.65278549e-01
 8.66667434e-01 8.68056330e-01 8.69445215e-01 8.70834099e-01
 8.72222996e-01 8.73611880e-01 8.75000776e-01 8.76389661e-01
 8.77778546e-01 8.79167442e-01 8.80556327e-01 8.81945212e-01
 8.83334108e-01 8.84722993e-01 8.86111877e-01 8.87500773e-01
 8.88889658e-01 8.90278543e-01 8.91667439e-01 8.93056324e-01
 8.94445209e-01 8.95834105e-01 8.97222990e-01 8.98611874e-01
 9.00000771e-01 9.01389655e-01 9.02778540e-01 9.04167436e-01
 9.05556321e-01 9.06945217e-01 9.08334102e-01 9.09722987e-01
 9.11111883e-01 9.12500768e-01 9.13889652e-01 9.15278548e-01
 9.16667422e-01 9.18056307e-01 9.19445203e-01 9.20834088e-01
 9.22222973e-01 9.23611869e-01 9.25000753e-01 9.26389638e-01
 9.27778534e-01 9.29167419e-01 9.30556304e-01 9.31945200e-01
 9.33334085e-01 9.34722981e-01 9.36111866e-01 9.37500751e-01
 9.38889647e-01 9.40278531e-01 9.41667416e-01 9.43056312e-01
 9.44445197e-01 9.45834082e-01 9.47222978e-01 9.48611863e-01
 9.50000748e-01 9.51389644e-01 9.52778528e-01 9.54167413e-01
 9.55556309e-01 9.56945194e-01 9.58334090e-01 9.59722975e-01
 9.61111860e-01 9.62500756e-01 9.63889641e-01 9.65278525e-01
 9.66667422e-01 9.68056306e-01 9.69445191e-01 9.70834087e-01
 9.72222972e-01 9.73611857e-01 9.75000753e-01 9.76389638e-01
 9.77778523e-01 9.79167419e-01 9.80556303e-01 9.81945188e-01
 9.83334084e-01 9.84722969e-01 9.86111854e-01 9.87500750e-01
 9.88889635e-01 9.90278531e-01 9.91667416e-01 9.93056300e-01
 9.94445197e-01 9.95834081e-01 9.97222966e-01 9.98611862e-01]
ideal_tag: idealF
airy_tag : airyred
Cross output file: /lustre/aoc/projects/hera/rchandra/H6C_Validation_Stats/validation-sim/outputs/ptsrc256/nt17280-00288chunks-HERA_custom_subset_idealF_cba81417555edaffd87557575713cb61.txt-nonred_airyred/uvd_cross_idealF_airyred_fch0227-0315_ck00000-00011.uvh5
Autos output file: /lustre/aoc/projects/hera/rchandra/H6C_Validation_Stats/validation-sim/outputs/ptsrc256/nt17280-00288chunks-HERA_custom_subset_idealF_cba81417555edaffd87557575713cb61.txt-nonred_airyred/uvd_autos_idealF_airyred_fch0227-0315_ck00000-00011.uvh5
Done writing uvd_combined and uvd_autos.
